com.google.common.collect.ConcurrentHashMultiset.add(E, int) throws java.lang.IllegalArgumentException if occurrences is negative, or if the resulting amount would exceed Integer.MAX_VALUE ==> [args[1]<0||target.count(args[0])+args[1]>Integer.MAX_VALUE]
com.google.common.collect.ConcurrentHashMultiset.remove(java.lang.Object, int) throws java.lang.IllegalArgumentException if occurrences is negative ==> [args[1]<0]
com.google.common.collect.ConcurrentHashMultiset.removeExactly(java.lang.Object, int) throws java.lang.IllegalArgumentException if occurrences is negative ==> [args[1]<0]
com.google.common.collect.ConcurrentHashMultiset.setCount(E, int) throws java.lang.IllegalArgumentException if count is negative ==> [args[1]<0]
com.google.common.collect.ConcurrentHashMultiset.setCount(E, int, int) throws java.lang.IllegalArgumentException if oldCount or newCount is negative ==> [args[1]<0||args[2]<0]
